// Jest Snapshot v1, https://goo.gl/fbAQLP

exports[`Card should match the Card snapshot 1`] = `
ShallowWrapper {
  "length": 1,
  Symbol(enzyme.__root__): [Circular],
  Symbol(enzyme.__unrendered__): <Card
    cardData={
        Object {
            "cardType": "people",
            "homeworld": "Tatooine",
            "homeworldPopulation": "200000",
            "name": "Luke Skywalker",
            "species": Array [
              "Human",
            ],
          }
    }
    cardType="People"
    isFavorite=""
    updatedFavorites={[Function]}
/>,
  Symbol(enzyme.__renderer__): Object {
    "batchedUpdates": [Function],
    "getNode": [Function],
    "render": [Function],
    "simulateEvent": [Function],
    "unmount": [Function],
  },
  Symbol(enzyme.__node__): Object {
    "instance": null,
    "key": null,
    "nodeType": "host",
    "props": Object {
      "children": Array [
        <div
          className="card-title"
>
          <h3
                    className="people-name card-name"
          >
                    Luke Skywalker
          </h3>
          <div
                    className="favorite "
                    onClick={[Function]}
          />
</div>,
        <div
          className="card-info"
>
          <p
                    className="people-homeworld label"
          >
                    Homeworld:
                    <span
                              className="value"
                    >
                               
                              Tatooine
                    </span>
          </p>
          <div
                    className="people-species"
          >
                    <ul>
                              <span
                                        className="label"
                              >
                                        Species: 
                              </span>
                              <div
                                        className="species-list-container"
                              >
                                        <li
                                                  className="value"
                                        >
                                                  Human
                                        </li>
                              </div>
                    </ul>
          </div>
          <p
                    className="people-homeworld-population label"
          >
                    Homeworld Population:
                    <span
                              className="value"
                    >
                               
                              200000
                    </span>
          </p>
</div>,
      ],
      "className": "card",
    },
    "ref": null,
    "rendered": Array [
      Object {
        "instance": null,
        "key": null,
        "nodeType": "host",
        "props": Object {
          "children": Array [
            <h3
              className="people-name card-name"
>
              Luke Skywalker
</h3>,
            <div
              className="favorite "
              onClick={[Function]}
/>,
          ],
          "className": "card-title",
        },
        "ref": null,
        "rendered": Array [
          Object {
            "instance": null,
            "key": null,
            "nodeType": "host",
            "props": Object {
              "children": "Luke Skywalker",
              "className": "people-name card-name",
            },
            "ref": null,
            "rendered": "Luke Skywalker",
            "type": "h3",
          },
          Object {
            "instance": null,
            "key": null,
            "nodeType": "host",
            "props": Object {
              "className": "favorite ",
              "onClick": [Function],
            },
            "ref": null,
            "rendered": null,
            "type": "div",
          },
        ],
        "type": "div",
      },
      Object {
        "instance": null,
        "key": null,
        "nodeType": "host",
        "props": Object {
          "children": Array [
            <p
              className="people-homeworld label"
>
              Homeworld:
              <span
                            className="value"
              >
                             
                            Tatooine
              </span>
</p>,
            <div
              className="people-species"
>
              <ul>
                            <span
                                          className="label"
                            >
                                          Species: 
                            </span>
                            <div
                                          className="species-list-container"
                            >
                                          <li
                                                        className="value"
                                          >
                                                        Human
                                          </li>
                            </div>
              </ul>
</div>,
            <p
              className="people-homeworld-population label"
>
              Homeworld Population:
              <span
                            className="value"
              >
                             
                            200000
              </span>
</p>,
          ],
          "className": "card-info",
        },
        "ref": null,
        "rendered": Array [
          Object {
            "instance": null,
            "key": null,
            "nodeType": "host",
            "props": Object {
              "children": Array [
                "Homeworld:",
                <span
                  className="value"
>
                   
                  Tatooine
</span>,
              ],
              "className": "people-homeworld label",
            },
            "ref": null,
            "rendered": Array [
              "Homeworld:",
              Object {
                "instance": null,
                "key": null,
                "nodeType": "host",
                "props": Object {
                  "children": Array [
                    " ",
                    "Tatooine",
                  ],
                  "className": "value",
                },
                "ref": null,
                "rendered": Array [
                  " ",
                  "Tatooine",
                ],
                "type": "span",
              },
            ],
            "type": "p",
          },
          Object {
            "instance": null,
            "key": null,
            "nodeType": "host",
            "props": Object {
              "children": <ul>
                <span
                                className="label"
                >
                                Species: 
                </span>
                <div
                                className="species-list-container"
                >
                                <li
                                                className="value"
                                >
                                                Human
                                </li>
                </div>
</ul>,
              "className": "people-species",
            },
            "ref": null,
            "rendered": Object {
              "instance": null,
              "key": null,
              "nodeType": "host",
              "props": Object {
                "children": Array [
                  <span
                    className="label"
>
                    Species: 
</span>,
                  <div
                    className="species-list-container"
>
                    <li
                                        className="value"
                    >
                                        Human
                    </li>
</div>,
                ],
              },
              "ref": null,
              "rendered": Array [
                Object {
                  "instance": null,
                  "key": null,
                  "nodeType": "host",
                  "props": Object {
                    "children": "Species: ",
                    "className": "label",
                  },
                  "ref": null,
                  "rendered": "Species: ",
                  "type": "span",
                },
                Object {
                  "instance": null,
                  "key": null,
                  "nodeType": "host",
                  "props": Object {
                    "children": Array [
                      <li
                        className="value"
>
                        Human
</li>,
                    ],
                    "className": "species-list-container",
                  },
                  "ref": null,
                  "rendered": Array [
                    Object {
                      "instance": null,
                      "key": "Luke Skywalker0",
                      "nodeType": "host",
                      "props": Object {
                        "children": "Human",
                        "className": "value",
                      },
                      "ref": null,
                      "rendered": "Human",
                      "type": "li",
                    },
                  ],
                  "type": "div",
                },
              ],
              "type": "ul",
            },
            "type": "div",
          },
          Object {
            "instance": null,
            "key": null,
            "nodeType": "host",
            "props": Object {
              "children": Array [
                "Homeworld Population:",
                <span
                  className="value"
>
                   
                  200000
</span>,
              ],
              "className": "people-homeworld-population label",
            },
            "ref": null,
            "rendered": Array [
              "Homeworld Population:",
              Object {
                "instance": null,
                "key": null,
                "nodeType": "host",
                "props": Object {
                  "children": Array [
                    " ",
                    "200000",
                  ],
                  "className": "value",
                },
                "ref": null,
                "rendered": Array [
                  " ",
                  "200000",
                ],
                "type": "span",
              },
            ],
            "type": "p",
          },
        ],
        "type": "div",
      },
    ],
    "type": "div",
  },
  Symbol(enzyme.__nodes__): Array [
    Object {
      "instance": null,
      "key": null,
      "nodeType": "host",
      "props": Object {
        "children": Array [
          <div
            className="card-title"
>
            <h3
                        className="people-name card-name"
            >
                        Luke Skywalker
            </h3>
            <div
                        className="favorite "
                        onClick={[Function]}
            />
</div>,
          <div
            className="card-info"
>
            <p
                        className="people-homeworld label"
            >
                        Homeworld:
                        <span
                                    className="value"
                        >
                                     
                                    Tatooine
                        </span>
            </p>
            <div
                        className="people-species"
            >
                        <ul>
                                    <span
                                                className="label"
                                    >
                                                Species: 
                                    </span>
                                    <div
                                                className="species-list-container"
                                    >
                                                <li
                                                            className="value"
                                                >
                                                            Human
                                                </li>
                                    </div>
                        </ul>
            </div>
            <p
                        className="people-homeworld-population label"
            >
                        Homeworld Population:
                        <span
                                    className="value"
                        >
                                     
                                    200000
                        </span>
            </p>
</div>,
        ],
        "className": "card",
      },
      "ref": null,
      "rendered": Array [
        Object {
          "instance": null,
          "key": null,
          "nodeType": "host",
          "props": Object {
            "children": Array [
              <h3
                className="people-name card-name"
>
                Luke Skywalker
</h3>,
              <div
                className="favorite "
                onClick={[Function]}
/>,
            ],
            "className": "card-title",
          },
          "ref": null,
          "rendered": Array [
            Object {
              "instance": null,
              "key": null,
              "nodeType": "host",
              "props": Object {
                "children": "Luke Skywalker",
                "className": "people-name card-name",
              },
              "ref": null,
              "rendered": "Luke Skywalker",
              "type": "h3",
            },
            Object {
              "instance": null,
              "key": null,
              "nodeType": "host",
              "props": Object {
                "className": "favorite ",
                "onClick": [Function],
              },
              "ref": null,
              "rendered": null,
              "type": "div",
            },
          ],
          "type": "div",
        },
        Object {
          "instance": null,
          "key": null,
          "nodeType": "host",
          "props": Object {
            "children": Array [
              <p
                className="people-homeworld label"
>
                Homeworld:
                <span
                                className="value"
                >
                                 
                                Tatooine
                </span>
</p>,
              <div
                className="people-species"
>
                <ul>
                                <span
                                                className="label"
                                >
                                                Species: 
                                </span>
                                <div
                                                className="species-list-container"
                                >
                                                <li
                                                                className="value"
                                                >
                                                                Human
                                                </li>
                                </div>
                </ul>
</div>,
              <p
                className="people-homeworld-population label"
>
                Homeworld Population:
                <span
                                className="value"
                >
                                 
                                200000
                </span>
</p>,
            ],
            "className": "card-info",
          },
          "ref": null,
          "rendered": Array [
            Object {
              "instance": null,
              "key": null,
              "nodeType": "host",
              "props": Object {
                "children": Array [
                  "Homeworld:",
                  <span
                    className="value"
>
                     
                    Tatooine
</span>,
                ],
                "className": "people-homeworld label",
              },
              "ref": null,
              "rendered": Array [
                "Homeworld:",
                Object {
                  "instance": null,
                  "key": null,
                  "nodeType": "host",
                  "props": Object {
                    "children": Array [
                      " ",
                      "Tatooine",
                    ],
                    "className": "value",
                  },
                  "ref": null,
                  "rendered": Array [
                    " ",
                    "Tatooine",
                  ],
                  "type": "span",
                },
              ],
              "type": "p",
            },
            Object {
              "instance": null,
              "key": null,
              "nodeType": "host",
              "props": Object {
                "children": <ul>
                  <span
                                    className="label"
                  >
                                    Species: 
                  </span>
                  <div
                                    className="species-list-container"
                  >
                                    <li
                                                      className="value"
                                    >
                                                      Human
                                    </li>
                  </div>
</ul>,
                "className": "people-species",
              },
              "ref": null,
              "rendered": Object {
                "instance": null,
                "key": null,
                "nodeType": "host",
                "props": Object {
                  "children": Array [
                    <span
                      className="label"
>
                      Species: 
</span>,
                    <div
                      className="species-list-container"
>
                      <li
                                            className="value"
                      >
                                            Human
                      </li>
</div>,
                  ],
                },
                "ref": null,
                "rendered": Array [
                  Object {
                    "instance": null,
                    "key": null,
                    "nodeType": "host",
                    "props": Object {
                      "children": "Species: ",
                      "className": "label",
                    },
                    "ref": null,
                    "rendered": "Species: ",
                    "type": "span",
                  },
                  Object {
                    "instance": null,
                    "key": null,
                    "nodeType": "host",
                    "props": Object {
                      "children": Array [
                        <li
                          className="value"
>
                          Human
</li>,
                      ],
                      "className": "species-list-container",
                    },
                    "ref": null,
                    "rendered": Array [
                      Object {
                        "instance": null,
                        "key": "Luke Skywalker0",
                        "nodeType": "host",
                        "props": Object {
                          "children": "Human",
                          "className": "value",
                        },
                        "ref": null,
                        "rendered": "Human",
                        "type": "li",
                      },
                    ],
                    "type": "div",
                  },
                ],
                "type": "ul",
              },
              "type": "div",
            },
            Object {
              "instance": null,
              "key": null,
              "nodeType": "host",
              "props": Object {
                "children": Array [
                  "Homeworld Population:",
                  <span
                    className="value"
>
                     
                    200000
</span>,
                ],
                "className": "people-homeworld-population label",
              },
              "ref": null,
              "rendered": Array [
                "Homeworld Population:",
                Object {
                  "instance": null,
                  "key": null,
                  "nodeType": "host",
                  "props": Object {
                    "children": Array [
                      " ",
                      "200000",
                    ],
                    "className": "value",
                  },
                  "ref": null,
                  "rendered": Array [
                    " ",
                    "200000",
                  ],
                  "type": "span",
                },
              ],
              "type": "p",
            },
          ],
          "type": "div",
        },
      ],
      "type": "div",
    },
  ],
  Symbol(enzyme.__options__): Object {
    "adapter": ReactFifteenAdapter {
      "options": Object {
        "supportPrevContextArgumentOfComponentDidUpdate": true,
      },
    },
  },
}
`;
