// Jest Snapshot v1, https://goo.gl/fbAQLP

exports[`Header should match the Card snapshot 1`] = `
ShallowWrapper {
  "length": 1,
  Symbol(enzyme.__root__): [Circular],
  Symbol(enzyme.__unrendered__): <Header
    activeButton="people"
    getPeople={[Function]}
    getPlanets={[Function]}
    getVehicles={[Function]}
    numFavorites={1}
/>,
  Symbol(enzyme.__renderer__): Object {
    "batchedUpdates": [Function],
    "getNode": [Function],
    "render": [Function],
    "simulateEvent": [Function],
    "unmount": [Function],
  },
  Symbol(enzyme.__node__): Object {
    "instance": null,
    "key": null,
    "nodeType": "host",
    "props": Object {
      "children": Array [
        <Button
          buttonTitle="Favorites"
          isActive={false}
          numFavorites={1}
/>,
        <Button
          apiCall={[Function]}
          buttonTitle="People"
          isActive={false}
/>,
        <Button
          apiCall={[Function]}
          buttonTitle="Planets"
          isActive={false}
/>,
        <Button
          apiCall={[Function]}
          buttonTitle="Vehicles"
          isActive={false}
/>,
      ],
      "className": "header",
    },
    "ref": null,
    "rendered": Array [
      Object {
        "instance": null,
        "key": null,
        "nodeType": "function",
        "props": Object {
          "buttonTitle": "Favorites",
          "isActive": false,
          "numFavorites": 1,
        },
        "ref": null,
        "rendered": null,
        "type": [Function],
      },
      Object {
        "instance": null,
        "key": null,
        "nodeType": "function",
        "props": Object {
          "apiCall": [Function],
          "buttonTitle": "People",
          "isActive": false,
        },
        "ref": null,
        "rendered": null,
        "type": [Function],
      },
      Object {
        "instance": null,
        "key": null,
        "nodeType": "function",
        "props": Object {
          "apiCall": [Function],
          "buttonTitle": "Planets",
          "isActive": false,
        },
        "ref": null,
        "rendered": null,
        "type": [Function],
      },
      Object {
        "instance": null,
        "key": null,
        "nodeType": "function",
        "props": Object {
          "apiCall": [Function],
          "buttonTitle": "Vehicles",
          "isActive": false,
        },
        "ref": null,
        "rendered": null,
        "type": [Function],
      },
    ],
    "type": "div",
  },
  Symbol(enzyme.__nodes__): Array [
    Object {
      "instance": null,
      "key": null,
      "nodeType": "host",
      "props": Object {
        "children": Array [
          <Button
            buttonTitle="Favorites"
            isActive={false}
            numFavorites={1}
/>,
          <Button
            apiCall={[Function]}
            buttonTitle="People"
            isActive={false}
/>,
          <Button
            apiCall={[Function]}
            buttonTitle="Planets"
            isActive={false}
/>,
          <Button
            apiCall={[Function]}
            buttonTitle="Vehicles"
            isActive={false}
/>,
        ],
        "className": "header",
      },
      "ref": null,
      "rendered": Array [
        Object {
          "instance": null,
          "key": null,
          "nodeType": "function",
          "props": Object {
            "buttonTitle": "Favorites",
            "isActive": false,
            "numFavorites": 1,
          },
          "ref": null,
          "rendered": null,
          "type": [Function],
        },
        Object {
          "instance": null,
          "key": null,
          "nodeType": "function",
          "props": Object {
            "apiCall": [Function],
            "buttonTitle": "People",
            "isActive": false,
          },
          "ref": null,
          "rendered": null,
          "type": [Function],
        },
        Object {
          "instance": null,
          "key": null,
          "nodeType": "function",
          "props": Object {
            "apiCall": [Function],
            "buttonTitle": "Planets",
            "isActive": false,
          },
          "ref": null,
          "rendered": null,
          "type": [Function],
        },
        Object {
          "instance": null,
          "key": null,
          "nodeType": "function",
          "props": Object {
            "apiCall": [Function],
            "buttonTitle": "Vehicles",
            "isActive": false,
          },
          "ref": null,
          "rendered": null,
          "type": [Function],
        },
      ],
      "type": "div",
    },
  ],
  Symbol(enzyme.__options__): Object {
    "adapter": ReactFifteenAdapter {
      "options": Object {
        "supportPrevContextArgumentOfComponentDidUpdate": true,
      },
    },
  },
}
`;
